10.4781 	INFO 	Loaded monitor calibration from ['2025_11_20 17:14']
10.5123 	WARNING 	User requested fullscreen with size [1536  864], but screen is actually [1920, 1080]. Using actual size
11.4770 	INFO 	Using renderer 'Intel(R) Iris(R) Xe Graphics' for graphics
11.4770 	INFO 	OpenGL version supported by driver is 4..
11.7181 	EXP 	Created window1 = Window(allowGUI=False, allowStencil=True, autoLog=True, backendConf=UNKNOWN, backgroundFit=<method-wrapper '__getattribute__' of attributeSetter object at 0x000001DF1212E650>, backgroundImage=<method-wrapper '__getattribute__' of attributeSetter object at 0x000001DF1212E5F0>, bitsMode=UNKNOWN, blendMode='avg', bpc=(8, 8, 8), color=array([0.7569, 1.    , 1.    ]), colorSpace='rgb', depthBits=8, fullscr=True, gamma=None, gammaErrorPolicy='raise', infoMsg=UNKNOWN, lms=UNKNOWN, monitor=<psychopy.monitors.calibTools.Monitor object at 0x000001DF1221F7C0>, multiSample=False, name='window1', numSamples=2, pos=[np.float64(0.0), np.float64(0.0)], screen=0, size=array([1920, 1080]), stencilBits=8, stereo=False, title='PsychoPy', units='height', useFBO=True, useRetina=False, viewOri=0.0, viewPos=None, viewScale=None, waitBlanking=True, winType='pyglet')
11.7181 	EXP 	window1: backgroundImage = ''
11.7182 	EXP 	window1: backgroundFit = 'none'
12.0376 	EXP 	window1: Attempting to measure frame rate of screen (0) ...
12.0376 	EXP 	window1: recordFrameIntervals = False
12.1711 	EXP 	window1: recordFrameIntervals = True
12.3549 	EXP 	Screen (0) actual frame rate measured at 60.20Hz
12.3550 	EXP 	window1: recordFrameIntervals = False
12.4988 	INFO 	keyboard.Keyboard is using ptb backend.
12.4989 	INFO 	keyboard.Keyboard is using ptb backend.
12.4990 	INFO 	keyboard.Keyboard is using ptb backend.
12.4990 	EXP 	DeepTrust: status = STARTED
12.6756 	INFO 	saved data to C:\Users\riyaz\OneDrive\Desktop\Psy-exp\data\364479_DeepTrust_2025-12-06_16h55.24.881.psydat
12.6765 	INFO 	saved data to 'C:\\Users\\riyaz\\OneDrive\\Desktop\\Psy-exp\\data\\364479_DeepTrust_2025-12-06_16h55.24.881.csv'
12.6916 	WARNING 	Stopping key buffers but this could be dangerous ifother keyboards rely on the same.
12.7004 	WARNING 	Stopping key buffers but this could be dangerous ifother keyboards rely on the same.
12.7005 	WARNING 	Stopping key buffers but this could be dangerous ifother keyboards rely on the same.
