4.4332 	DEBUG 	Fullscreen settings ignored as running in pilot mode.
4.4339 	INFO 	Loaded monitor calibration from ['2025_11_20 17:14']
4.5724 	INFO 	Using renderer 'Intel(R) Iris(R) Xe Graphics' for graphics
4.5724 	INFO 	OpenGL version supported by driver is 4..
4.5861 	EXP 	Created window1 = Window(allowGUI=False, allowStencil=True, autoLog=True, backendConf=UNKNOWN, backgroundFit=<method-wrapper '__getattribute__' of attributeSetter object at 0x000002045106B610>, backgroundImage=<method-wrapper '__getattribute__' of attributeSetter object at 0x000002045106B670>, bitsMode=UNKNOWN, blendMode='avg', bpc=(8, 8, 8), color=array([0.7569, 1.    , 1.    ]), colorSpace='rgb', depthBits=8, fullscr=False, gamma=None, gammaErrorPolicy='raise', infoMsg=UNKNOWN, lms=UNKNOWN, monitor=<psychopy.monitors.calibTools.Monitor object at 0x0000020451156530>, multiSample=False, name='window1', numSamples=2, pos=[np.float64(560.0), np.float64(240.0)], screen=0, size=array([800, 600]), stencilBits=8, stereo=False, title='PsychoPy', units='height', useFBO=True, useRetina=False, viewOri=0.0, viewPos=None, viewScale=None, waitBlanking=True, winType='pyglet')
4.5862 	EXP 	window1: backgroundImage = ''
4.5862 	EXP 	window1: backgroundFit = 'none'
4.6045 	DEBUG 	TextBox2 loaded 1 chars with 0 blanks and 1 valid
4.6157 	DEBUG 	TextBox2 loaded 1 chars with 0 blanks and 1 valid
4.6271 	DEBUG 	TextBox2 loaded 1 chars with 0 blanks and 1 valid
4.6381 	DEBUG 	TextBox2 loaded 1 chars with 0 blanks and 1 valid
4.6499 	DEBUG 	TextBox2 loaded 1 chars with 0 blanks and 1 valid
4.6608 	DEBUG 	TextBox2 loaded 1 chars with 0 blanks and 1 valid
4.6715 	DEBUG 	TextBox2 loaded 1 chars with 0 blanks and 1 valid
4.6823 	DEBUG 	TextBox2 loaded 1 chars with 0 blanks and 1 valid
4.6933 	DEBUG 	TextBox2 loaded 1 chars with 0 blanks and 1 valid
4.7040 	DEBUG 	TextBox2 loaded 1 chars with 0 blanks and 1 valid
4.7153 	DEBUG 	TextBox2 loaded 1 chars with 0 blanks and 1 valid
4.7265 	DEBUG 	TextBox2 loaded 1 chars with 0 blanks and 1 valid
4.7372 	DEBUG 	TextBox2 loaded 1 chars with 0 blanks and 1 valid
4.7480 	DEBUG 	TextBox2 loaded 1 chars with 0 blanks and 1 valid
4.7587 	DEBUG 	TextBox2 loaded 1 chars with 0 blanks and 1 valid
4.7702 	DEBUG 	TextBox2 loaded 1 chars with 0 blanks and 1 valid
4.7811 	DEBUG 	TextBox2 loaded 1 chars with 0 blanks and 1 valid
4.7930 	DEBUG 	TextBox2 loaded 1 chars with 0 blanks and 1 valid
4.8039 	DEBUG 	TextBox2 loaded 1 chars with 0 blanks and 1 valid
4.8150 	DEBUG 	TextBox2 loaded 1 chars with 0 blanks and 1 valid
4.8271 	DEBUG 	TextBox2 loaded 1 chars with 0 blanks and 1 valid
4.8275 	DEBUG 	Uploading Texture Font fontname to graphics card
4.8325 	DEBUG 	Upload of Texture Font fontname complete
4.8477 	DEBUG 	TextBox2 loaded 1 chars with 0 blanks and 1 valid
4.8593 	DEBUG 	TextBox2 loaded 1 chars with 0 blanks and 1 valid
4.8707 	DEBUG 	TextBox2 loaded 1 chars with 0 blanks and 1 valid
4.8710 	DEBUG 	Uploading Texture Font fontname to graphics card
4.8752 	DEBUG 	Upload of Texture Font fontname complete
4.8769 	EXP 	window1: Attempting to measure frame rate of screen (0) ...
4.8769 	EXP 	window1: recordFrameIntervals = False
5.0435 	EXP 	window1: recordFrameIntervals = True
5.2270 	EXP 	Screen (0) actual frame rate measured at 59.89Hz
5.2271 	EXP 	window1: recordFrameIntervals = False
5.2446 	DEBUG 	TextBox2 loaded 1 chars with 0 blanks and 1 valid
5.2555 	DEBUG 	TextBox2 loaded 1 chars with 0 blanks and 1 valid
5.2651 	DEBUG 	TextBox2 loaded 1 chars with 0 blanks and 1 valid
5.2749 	DEBUG 	TextBox2 loaded 1 chars with 0 blanks and 1 valid
5.2852 	DEBUG 	TextBox2 loaded 1 chars with 0 blanks and 1 valid
5.2958 	DEBUG 	TextBox2 loaded 1 chars with 0 blanks and 1 valid
5.3056 	DEBUG 	TextBox2 loaded 1 chars with 0 blanks and 1 valid
5.3155 	DEBUG 	TextBox2 loaded 1 chars with 0 blanks and 1 valid
5.3255 	DEBUG 	TextBox2 loaded 1 chars with 0 blanks and 1 valid
5.3362 	DEBUG 	TextBox2 loaded 1 chars with 0 blanks and 1 valid
5.3365 	DEBUG 	Uploading Texture Font fontname to graphics card
5.3371 	DEBUG 	Upload of Texture Font fontname complete
5.4536 	INFO 	keyboard.Keyboard is using ptb backend.
5.4537 	INFO 	keyboard.Keyboard is using ptb backend.
5.4538 	INFO 	keyboard.Keyboard is using ptb backend.
5.4538 	INFO 	keyboard.Keyboard is using ptb backend.
5.4539 	INFO 	keyboard.Keyboard is using ptb backend.
5.4539 	INFO 	keyboard.Keyboard is using ptb backend.
5.4540 	EXP 	DeepTrust: status = STARTED
5.4583 	DEBUG 	TextBox2 loaded 1 chars with 0 blanks and 1 valid
5.4587 	DEBUG 	TextBox2 loaded 1 chars with 0 blanks and 1 valid
5.4591 	DEBUG 	TextBox2 loaded 1 chars with 0 blanks and 1 valid
5.4594 	DEBUG 	TextBox2 loaded 1 chars with 0 blanks and 1 valid
5.4597 	DEBUG 	TextBox2 loaded 1 chars with 0 blanks and 1 valid
5.4600 	DEBUG 	TextBox2 loaded 1 chars with 0 blanks and 1 valid
5.4602 	DEBUG 	TextBox2 loaded 1 chars with 0 blanks and 1 valid
5.4605 	DEBUG 	TextBox2 loaded 1 chars with 0 blanks and 1 valid
5.4609 	DEBUG 	TextBox2 loaded 1 chars with 0 blanks and 1 valid
5.4612 	DEBUG 	TextBox2 loaded 1 chars with 0 blanks and 1 valid
5.4615 	DEBUG 	TextBox2 loaded 1 chars with 0 blanks and 1 valid
5.4618 	DEBUG 	TextBox2 loaded 1 chars with 0 blanks and 1 valid
5.4622 	DEBUG 	TextBox2 loaded 1 chars with 0 blanks and 1 valid
5.4625 	DEBUG 	TextBox2 loaded 1 chars with 0 blanks and 1 valid
5.4629 	DEBUG 	TextBox2 loaded 1 chars with 0 blanks and 1 valid
5.4633 	DEBUG 	TextBox2 loaded 1 chars with 0 blanks and 1 valid
5.4637 	DEBUG 	TextBox2 loaded 1 chars with 0 blanks and 1 valid
5.4641 	DEBUG 	TextBox2 loaded 1 chars with 0 blanks and 1 valid
5.4643 	DEBUG 	TextBox2 loaded 1 chars with 0 blanks and 1 valid
5.4647 	DEBUG 	TextBox2 loaded 1 chars with 0 blanks and 1 valid
5.4650 	DEBUG 	TextBox2 loaded 1 chars with 0 blanks and 1 valid
5.4654 	DEBUG 	TextBox2 loaded 1 chars with 0 blanks and 1 valid
5.4658 	DEBUG 	TextBox2 loaded 1 chars with 0 blanks and 1 valid
5.4662 	DEBUG 	TextBox2 loaded 1 chars with 0 blanks and 1 valid
5.4665 	DEBUG 	TextBox2 loaded 1 chars with 0 blanks and 1 valid
5.4670 	DEBUG 	TextBox2 loaded 1 chars with 0 blanks and 1 valid
5.4673 	DEBUG 	TextBox2 loaded 1 chars with 0 blanks and 1 valid
5.4677 	DEBUG 	TextBox2 loaded 1 chars with 0 blanks and 1 valid
5.4680 	DEBUG 	TextBox2 loaded 1 chars with 0 blanks and 1 valid
5.4684 	DEBUG 	TextBox2 loaded 1 chars with 0 blanks and 1 valid
5.4689 	DEBUG 	TextBox2 loaded 1 chars with 0 blanks and 1 valid
5.4693 	DEBUG 	TextBox2 loaded 1 chars with 0 blanks and 1 valid
5.4699 	DEBUG 	TextBox2 loaded 1 chars with 0 blanks and 1 valid
5.4703 	DEBUG 	TextBox2 loaded 1 chars with 0 blanks and 1 valid
5.4713 	DEBUG 	TextBox2 loaded 1 chars with 0 blanks and 1 valid
5.4722 	DEBUG 	TextBox2 loaded 1 chars with 0 blanks and 1 valid
5.4730 	DEBUG 	TextBox2 loaded 1 chars with 0 blanks and 1 valid
5.4740 	DEBUG 	TextBox2 loaded 1 chars with 0 blanks and 1 valid
5.4745 	DEBUG 	TextBox2 loaded 1 chars with 0 blanks and 1 valid
5.4748 	DEBUG 	TextBox2 loaded 1 chars with 0 blanks and 1 valid
5.4753 	DEBUG 	TextBox2 loaded 1 chars with 0 blanks and 1 valid
5.4765 	DEBUG 	TextBox2 loaded 1 chars with 0 blanks and 1 valid
5.4771 	DEBUG 	TextBox2 loaded 1 chars with 0 blanks and 1 valid
5.4784 	DEBUG 	TextBox2 loaded 1 chars with 0 blanks and 1 valid
5.4789 	DEBUG 	TextBox2 loaded 1 chars with 0 blanks and 1 valid
5.4794 	DEBUG 	TextBox2 loaded 1 chars with 0 blanks and 1 valid
5.4798 	DEBUG 	TextBox2 loaded 1 chars with 0 blanks and 1 valid
5.4805 	DEBUG 	Uploading Texture Font fontname to graphics card
5.4820 	DEBUG 	Upload of Texture Font fontname complete
5.4937 	DEBUG 	TextBox2 loaded 1 chars with 0 blanks and 1 valid
5.4947 	DEBUG 	TextBox2 loaded 1 chars with 0 blanks and 1 valid
5.4957 	DEBUG 	TextBox2 loaded 1 chars with 0 blanks and 1 valid
5.4966 	DEBUG 	TextBox2 loaded 1 chars with 0 blanks and 1 valid
5.4973 	DEBUG 	TextBox2 loaded 1 chars with 0 blanks and 1 valid
5.4995 	DEBUG 	TextBox2 loaded 1 chars with 0 blanks and 1 valid
5.5006 	DEBUG 	TextBox2 loaded 1 chars with 0 blanks and 1 valid
5.5016 	DEBUG 	TextBox2 loaded 1 chars with 0 blanks and 1 valid
5.5023 	DEBUG 	TextBox2 loaded 1 chars with 0 blanks and 1 valid
5.5026 	DEBUG 	Uploading Texture Font fontname to graphics card
5.5042 	DEBUG 	Upload of Texture Font fontname complete
5.5287 	DEBUG 	TextBox2 loaded 1 chars with 0 blanks and 1 valid
5.5297 	DEBUG 	TextBox2 loaded 1 chars with 0 blanks and 1 valid
5.5306 	DEBUG 	TextBox2 loaded 1 chars with 0 blanks and 1 valid
5.5315 	DEBUG 	TextBox2 loaded 1 chars with 0 blanks and 1 valid
5.5321 	DEBUG 	TextBox2 loaded 1 chars with 0 blanks and 1 valid
5.5328 	DEBUG 	TextBox2 loaded 1 chars with 0 blanks and 1 valid
5.5337 	DEBUG 	TextBox2 loaded 1 chars with 0 blanks and 1 valid
5.5345 	DEBUG 	TextBox2 loaded 1 chars with 0 blanks and 1 valid
5.5352 	DEBUG 	TextBox2 loaded 1 chars with 0 blanks and 1 valid
5.5354 	DEBUG 	Uploading Texture Font fontname to graphics card
5.5370 	DEBUG 	Upload of Texture Font fontname complete
5.5477 	DEBUG 	TextBox2 loaded 1 chars with 0 blanks and 1 valid
5.5488 	DEBUG 	TextBox2 loaded 1 chars with 0 blanks and 1 valid
5.5498 	DEBUG 	TextBox2 loaded 1 chars with 0 blanks and 1 valid
5.5507 	DEBUG 	TextBox2 loaded 1 chars with 0 blanks and 1 valid
5.5515 	DEBUG 	TextBox2 loaded 1 chars with 0 blanks and 1 valid
5.5525 	DEBUG 	TextBox2 loaded 1 chars with 0 blanks and 1 valid
5.5536 	DEBUG 	TextBox2 loaded 1 chars with 0 blanks and 1 valid
5.5546 	DEBUG 	TextBox2 loaded 1 chars with 0 blanks and 1 valid
5.5556 	DEBUG 	TextBox2 loaded 1 chars with 0 blanks and 1 valid
5.5566 	DEBUG 	TextBox2 loaded 1 chars with 0 blanks and 1 valid
5.5578 	DEBUG 	TextBox2 loaded 1 chars with 0 blanks and 1 valid
5.5589 	DEBUG 	TextBox2 loaded 1 chars with 0 blanks and 1 valid
5.5601 	DEBUG 	TextBox2 loaded 1 chars with 0 blanks and 1 valid
5.5614 	DEBUG 	TextBox2 loaded 1 chars with 0 blanks and 1 valid
5.5622 	DEBUG 	TextBox2 loaded 1 chars with 0 blanks and 1 valid
5.5639 	DEBUG 	TextBox2 loaded 1 chars with 0 blanks and 1 valid
5.5652 	DEBUG 	TextBox2 loaded 1 chars with 0 blanks and 1 valid
5.5665 	DEBUG 	TextBox2 loaded 1 chars with 0 blanks and 1 valid
5.5676 	DEBUG 	TextBox2 loaded 1 chars with 0 blanks and 1 valid
5.5685 	DEBUG 	TextBox2 loaded 1 chars with 0 blanks and 1 valid
5.5697 	DEBUG 	TextBox2 loaded 1 chars with 0 blanks and 1 valid
5.5711 	DEBUG 	TextBox2 loaded 1 chars with 0 blanks and 1 valid
5.5714 	DEBUG 	Uploading Texture Font fontname to graphics card
5.5736 	DEBUG 	Upload of Texture Font fontname complete
5.5832 	DEBUG 	TextBox2 loaded 1 chars with 0 blanks and 1 valid
5.5841 	DEBUG 	TextBox2 loaded 1 chars with 0 blanks and 1 valid
5.5852 	DEBUG 	TextBox2 loaded 1 chars with 0 blanks and 1 valid
5.5867 	DEBUG 	TextBox2 loaded 1 chars with 0 blanks and 1 valid
5.5879 	DEBUG 	TextBox2 loaded 1 chars with 0 blanks and 1 valid
5.5882 	DEBUG 	Uploading Texture Font fontname to graphics card
5.5896 	DEBUG 	Upload of Texture Font fontname complete
5.6659 	DEBUG 	Saving data for DeepTrust ExperimentHandler
5.6666 	INFO 	saved data to C:\Users\riyaz\OneDrive\Desktop\Psy-exp\data\pilot_DeepTrust_2025-12-11_12h00.41.729.psydat
5.6747 	INFO 	saved data to 'C:\\Users\\riyaz\\OneDrive\\Desktop\\Psy-exp\\data\\pilot_DeepTrust_2025-12-11_12h00.41.729.csv'
5.6842 	WARNING 	Stopping key buffers but this could be dangerous ifother keyboards rely on the same.
5.7558 	WARNING 	Stopping key buffers but this could be dangerous ifother keyboards rely on the same.
5.7559 	WARNING 	Stopping key buffers but this could be dangerous ifother keyboards rely on the same.
5.7559 	WARNING 	Stopping key buffers but this could be dangerous ifother keyboards rely on the same.
5.7559 	WARNING 	Stopping key buffers but this could be dangerous ifother keyboards rely on the same.
5.7559 	WARNING 	Stopping key buffers but this could be dangerous ifother keyboards rely on the same.
